// Jest Snapshot v1, https://goo.gl/fbAQLP

exports[`[pages] NewSpendingPage should render properly 1`] = `
<h1>
  Something went wrong.
</h1>
`;
