// Jest Snapshot v1, https://goo.gl/fbAQLP

exports[`[pages] Pages should render properly 1`] = `
<div
  className="sc-bdVaJa kjZkLq"
>
  <div
    className="sc-bwzfXH gouoTZ"
  >
    Test
  </div>
</div>
`;
