// Jest Snapshot v1, https://goo.gl/fbAQLP

exports[`[atoms/buttons/button] Button should render properly 1`] = `
<button
  className="sc-bdVaJa cbeqcr"
/>
`;
