// Jest Snapshot v1, https://goo.gl/fbAQLP

exports[`[inputs/date-picker] DatePicker renders properly 1`] = `
<div
  className="react-datepicker-wrapper"
>
  <div
    className="react-datepicker__input-container"
  >
    <input
      className="sc-bdVaJa fEZIYW"
      disabled={false}
      onBlur={[Function]}
      onChange={[Function]}
      onClick={[Function]}
      onFocus={[Function]}
      onKeyDown={[Function]}
      placeholder="select the date"
      readOnly={false}
      type="text"
      value="17/02/2019"
    />
  </div>
</div>
`;
