// Jest Snapshot v1, https://goo.gl/fbAQLP

exports[`[forms/form-date] FormDate renders properly 1`] = `
<div
  className="sc-ifAKCX bQstZT"
>
  <label
    className="sc-bwzfXH cJnpOh sc-bxivhb jqRqDB"
  >
    <span>
      Label
    </span>
    <div
      className="react-datepicker-wrapper"
    >
      <div
        className="react-datepicker__input-container"
      >
        <input
          className="sc-bdVaJa fEZIYW"
          disabled={false}
          onBlur={[Function]}
          onChange={[Function]}
          onClick={[Function]}
          onFocus={[Function]}
          onKeyDown={[Function]}
          placeholder="select the date"
          readOnly={false}
          type="text"
          value="17/02/2019"
        />
      </div>
    </div>
  </label>
</div>
`;
