// Jest Snapshot v1, https://goo.gl/fbAQLP

exports[` 1`] = `"sp0.1.0_"`;
