// Jest Snapshot v1, https://goo.gl/fbAQLP

exports[`[atoms/buttons] ThemedButton should render properly 1`] = `
.c0 {
  min-height: 24px;
  lineheight: 25px;
  padding: 5px;
  cursor: pointer;
}

.c1 {
  border: 0;
  border-radius: 3px;
  outline: none;
  background-color: yellow;
  color: yellow;
}

.c1:hover {
  box-shadow: 1px 1px 3px 1px silver;
}

<button
  className="c0 c1"
>
  button text
</button>
`;
